{"ts": "2026-05-15 13:31:36,608", "lvl": "WARNING", "msg": "Falling back to plaintext audit log: LOG_ENCRYPTION_KEY environment variable is not set", "logger": "core_app", "src": "secure_logging.py:100", "ctx": {"taskName": "Task-1"}}
{"ts": "2026-05-15 13:31:38,827", "lvl": "INFO", "msg": "tenant_provisioned", "logger": "core_app", "src": "main.py:47", "ctx": {"taskName": "Task-8", "tenant_id": "tenant_101"}}
{"ts": "2026-05-15 13:39:53,191", "lvl": "WARNING", "msg": "Falling back to plaintext audit log: LOG_ENCRYPTION_KEY environment variable is not set", "logger": "core_app", "src": "secure_logging.py:100", "ctx": {"taskName": "Task-1"}}
{"ts": "2026-05-15 13:39:54,491", "lvl": "INFO", "msg": "tenant_provisioned", "logger": "core_app", "src": "main.py:47", "ctx": {"taskName": "Task-8", "tenant_id": "tenant_101"}}
{"ts": "2026-05-15 13:39:56,588", "lvl": "INFO", "msg": "record_created", "logger": "core_app", "src": "main.py:58", "ctx": {"taskName": "Task-9", "tenant_id": "tenant_101", "record_id": "cd4703d75adf50615df9c5ec28ed5ab4", "has_encrypted_dek": true}}
{"ts": "2026-05-15 13:39:56,588", "lvl": "INFO", "msg": "record_accessed", "logger": "core_app", "src": "main.py:75", "ctx": {"taskName": "Task-10", "tenant_id": "tenant_101", "record_id": "cd4703d75adf50615df9c5ec28ed5ab4"}}
{"ts": "2026-05-15 13:39:58,040", "lvl": "INFO", "msg": "record_created", "logger": "core_app", "src": "main.py:58", "ctx": {"taskName": "Task-11", "tenant_id": "tenant_101", "record_id": "76100e4b7a83287f33ccc5b37cc3ca4f", "has_encrypted_dek": true}}
{"ts": "2026-05-15 13:43:37,877", "lvl": "WARNING", "msg": "Falling back to plaintext audit log: LOG_ENCRYPTION_KEY environment variable is not set", "logger": "core_app", "src": "secure_logging.py:100", "ctx": {"taskName": "Task-1"}}
{"ts": "2026-05-15 13:43:38,441", "lvl": "INFO", "msg": "tenant_provisioned", "logger": "core_app", "src": "main.py:48", "ctx": {"taskName": "Task-8", "tenant_id": "tenant_101"}}
{"ts": "2026-05-15 13:43:40,143", "lvl": "INFO", "msg": "record_created", "logger": "core_app", "src": "main.py:65", "ctx": {"taskName": "Task-9", "tenant_id": "tenant_101", "record_id": "db6354184cf3b1187174a7cfdfbf476d", "has_encrypted_dek": true}}
{"ts": "2026-05-15 13:43:40,145", "lvl": "INFO", "msg": "record_accessed", "logger": "core_app", "src": "main.py:88", "ctx": {"taskName": "Task-10", "tenant_id": "tenant_101", "record_id": "db6354184cf3b1187174a7cfdfbf476d"}}
{"ts": "2026-05-15 13:51:53,891", "lvl": "WARNING", "msg": "Falling back to plaintext audit log: LOG_ENCRYPTION_KEY environment variable is not set", "logger": "core_app", "src": "secure_logging.py:100", "ctx": {"taskName": null}}
{"ts": "2026-05-15 13:57:05,015", "lvl": "WARNING", "msg": "Falling back to plaintext audit log: LOG_ENCRYPTION_KEY environment variable is not set", "logger": "core_app", "src": "secure_logging.py:103", "ctx": {"taskName": null}}
{"ts": "2026-05-15 14:04:26,709", "lvl": "WARNING", "msg": "Falling back to plaintext audit log: LOG_ENCRYPTION_KEY environment variable is not set", "logger": "core_app", "src": "secure_logging.py:110", "ctx": {"taskName": null}}
{"ts": "2026-05-15 14:06:34,125", "lvl": "WARNING", "msg": "Falling back to plaintext audit log: LOG_ENCRYPTION_KEY environment variable is not set", "logger": "core_app", "src": "secure_logging.py:110", "ctx": {"taskName": null}}
{"ts": "2026-05-15 14:26:30,523", "lvl": "WARNING", "msg": "Falling back to plaintext audit log: LOG_ENCRYPTION_KEY environment variable is not set", "logger": "core_app", "src": "secure_logging.py:110", "ctx": {"taskName": "Task-1"}}
{"ts": "2026-05-15 14:43:48,165", "lvl": "INFO", "msg": "tenant_provisioned", "logger": "core_app", "src": "main.py:48", "ctx": {"taskName": "Task-6", "tenant_id": "tenant_101"}}
{"ts": "2026-05-24 03:17:25,623", "lvl": "WARNING", "msg": "Falling back to plaintext audit log: LOG_ENCRYPTION_KEY environment variable is not set", "logger": "core_app", "src": "secure_logging.py:110", "ctx": {"taskName": null}}
{"ts": "2026-05-24 03:20:22,557", "lvl": "WARNING", "msg": "Falling back to plaintext audit log: LOG_ENCRYPTION_KEY environment variable is not set", "logger": "core_app", "src": "secure_logging.py:110", "ctx": {"taskName": null}}
{"ts": "2026-05-24 03:26:53,148", "lvl": "WARNING", "msg": "Falling back to plaintext audit log: LOG_ENCRYPTION_KEY environment variable is not set", "logger": "core_app", "src": "secure_logging.py:110", "ctx": {"taskName": "Task-1"}}
{"ts": "2026-05-24 03:26:54,898", "lvl": "INFO", "msg": "tenant_provisioned", "logger": "core_app", "src": "main.py:48", "ctx": {"taskName": "Task-8", "tenant_id": "tenant_101"}}
{"ts": "2026-05-24 03:26:56,260", "lvl": "INFO", "msg": "record_created", "logger": "core_app", "src": "main.py:65", "ctx": {"taskName": "Task-9", "tenant_id": "tenant_101", "record_id": "bc82697acb311d2edac1051f470cb872", "has_encrypted_dek": true}}
{"ts": "2026-05-24 03:26:56,262", "lvl": "INFO", "msg": "record_accessed", "logger": "core_app", "src": "main.py:88", "ctx": {"taskName": "Task-10", "tenant_id": "tenant_101", "record_id": "bc82697acb311d2edac1051f470cb872"}}
{"ts": "2026-05-24 03:27:55,161", "lvl": "WARNING", "msg": "Falling back to plaintext audit log: LOG_ENCRYPTION_KEY environment variable is not set", "logger": "core_app", "src": "secure_logging.py:110", "ctx": {"taskName": null}}
{"ts": "2026-05-24 03:31:17,059", "lvl": "WARNING", "msg": "Falling back to plaintext audit log: LOG_ENCRYPTION_KEY environment variable is not set", "logger": "core_app", "src": "secure_logging.py:110", "ctx": {"taskName": "Task-1"}}
{"ts": "2026-05-24 03:31:18,400", "lvl": "INFO", "msg": "tenant_provisioned", "logger": "core_app", "src": "main.py:48", "ctx": {"taskName": "Task-8", "tenant_id": "tenant_101"}}
{"ts": "2026-05-24 03:31:19,086", "lvl": "INFO", "msg": "record_created", "logger": "core_app", "src": "main.py:65", "ctx": {"taskName": "Task-9", "tenant_id": "tenant_101", "record_id": "f9c265f26620e32b41b939932a865f1e", "has_encrypted_dek": true}}
{"ts": "2026-05-24 03:31:19,088", "lvl": "INFO", "msg": "record_accessed", "logger": "core_app", "src": "main.py:88", "ctx": {"taskName": "Task-10", "tenant_id": "tenant_101", "record_id": "f9c265f26620e32b41b939932a865f1e"}}
{"ts": "2026-05-24 03:32:11,787", "lvl": "WARNING", "msg": "Falling back to plaintext audit log: LOG_ENCRYPTION_KEY environment variable is not set", "logger": "core_app", "src": "secure_logging.py:110", "ctx": {"taskName": "Task-1"}}
