{"ts": "2026-05-15 13:31:36,608", "lvl": "WARNING", "msg": "Falling back to plaintext audit log: LOG_ENCRYPTION_KEY environment variable is not set", "logger": "kms", "src": "secure_logging.py:100", "ctx": {"taskName": "Task-1"}}
{"ts": "2026-05-15 13:31:40,586", "lvl": "INFO", "msg": "master_key_rotated", "logger": "kms", "src": "main.py:56", "ctx": {"taskName": "Task-8", "tenant_id": "tenant_101", "new_version": 1}}
{"ts": "2026-05-15 13:39:53,191", "lvl": "WARNING", "msg": "Falling back to plaintext audit log: LOG_ENCRYPTION_KEY environment variable is not set", "logger": "kms", "src": "secure_logging.py:100", "ctx": {"taskName": "Task-1"}}
{"ts": "2026-05-15 13:39:56,107", "lvl": "INFO", "msg": "master_key_rotated", "logger": "kms", "src": "main.py:56", "ctx": {"taskName": "Task-8", "tenant_id": "tenant_101", "new_version": 1}}
{"ts": "2026-05-15 13:39:56,573", "lvl": "INFO", "msg": "dek_generated", "logger": "kms", "src": "main.py:73", "ctx": {"taskName": "Task-10", "tenant_id": "tenant_101", "key_version": 1, "dek_fingerprint": "53e4b226f9c90d07"}}
{"ts": "2026-05-15 13:39:57,123", "lvl": "INFO", "msg": "dek_decrypted", "logger": "kms", "src": "main.py:101", "ctx": {"taskName": "Task-11", "tenant_id": "tenant_101", "key_version": 1, "dek_fingerprint": "53e4b226f9c90d07"}}
{"ts": "2026-05-15 13:39:58,040", "lvl": "INFO", "msg": "dek_generated", "logger": "kms", "src": "main.py:73", "ctx": {"taskName": "Task-13", "tenant_id": "tenant_999", "key_version": 1, "dek_fingerprint": "607579a175ed747f"}}
{"ts": "2026-05-15 13:43:37,391", "lvl": "WARNING", "msg": "Falling back to plaintext audit log: LOG_ENCRYPTION_KEY environment variable is not set", "logger": "kms", "src": "secure_logging.py:100", "ctx": {"taskName": "Task-1"}}
{"ts": "2026-05-15 13:43:39,208", "lvl": "INFO", "msg": "master_key_rotated", "logger": "kms", "src": "main.py:56", "ctx": {"taskName": "Task-8", "tenant_id": "tenant_101", "new_version": 1}}
{"ts": "2026-05-15 13:43:40,131", "lvl": "INFO", "msg": "dek_generated", "logger": "kms", "src": "main.py:73", "ctx": {"taskName": "Task-10", "tenant_id": "tenant_101", "key_version": 1, "dek_fingerprint": "4bea54a6b34a3089"}}
{"ts": "2026-05-15 13:43:40,683", "lvl": "INFO", "msg": "dek_decrypted", "logger": "kms", "src": "main.py:101", "ctx": {"taskName": "Task-11", "tenant_id": "tenant_101", "key_version": 1, "dek_fingerprint": "4bea54a6b34a3089"}}
{"ts": "2026-05-15 13:43:41,874", "lvl": "INFO", "msg": "dek_generated", "logger": "kms", "src": "main.py:73", "ctx": {"taskName": "Task-13", "tenant_id": "tenant_999", "key_version": 1, "dek_fingerprint": "13bdb1e6bff31ecf"}}
{"ts": "2026-05-15 13:51:53,708", "lvl": "WARNING", "msg": "Falling back to plaintext audit log: LOG_ENCRYPTION_KEY environment variable is not set", "logger": "kms", "src": "secure_logging.py:100", "ctx": {"taskName": null}}
{"ts": "2026-05-15 13:57:04,998", "lvl": "WARNING", "msg": "Falling back to plaintext audit log: LOG_ENCRYPTION_KEY environment variable is not set", "logger": "kms", "src": "secure_logging.py:103", "ctx": {"taskName": null}}
{"ts": "2026-05-15 14:04:26,694", "lvl": "WARNING", "msg": "Falling back to plaintext audit log: LOG_ENCRYPTION_KEY environment variable is not set", "logger": "kms", "src": "secure_logging.py:110", "ctx": {"taskName": null}}
{"ts": "2026-05-15 14:06:34,125", "lvl": "WARNING", "msg": "Falling back to plaintext audit log: LOG_ENCRYPTION_KEY environment variable is not set", "logger": "kms", "src": "secure_logging.py:110", "ctx": {"taskName": null}}
{"ts": "2026-05-15 14:25:54,145", "lvl": "WARNING", "msg": "Falling back to plaintext audit log: LOG_ENCRYPTION_KEY environment variable is not set", "logger": "kms", "src": "secure_logging.py:110", "ctx": {"taskName": "Task-1"}}
{"ts": "2026-05-15 14:43:49,786", "lvl": "INFO", "msg": "master_key_rotated", "logger": "kms", "src": "main.py:56", "ctx": {"taskName": "Task-6", "tenant_id": "tenant_101", "new_version": 1}}
{"ts": "2026-05-15 14:43:50,919", "lvl": "INFO", "msg": "dek_generated", "logger": "kms", "src": "main.py:73", "ctx": {"taskName": "Task-8", "tenant_id": "tenant_101", "key_version": 1, "dek_fingerprint": "12c2309269d31ad5"}}
{"ts": "2026-05-24 03:17:25,206", "lvl": "WARNING", "msg": "Falling back to plaintext audit log: LOG_ENCRYPTION_KEY environment variable is not set", "logger": "kms", "src": "secure_logging.py:110", "ctx": {"taskName": null}}
{"ts": "2026-05-24 03:20:22,456", "lvl": "WARNING", "msg": "Falling back to plaintext audit log: LOG_ENCRYPTION_KEY environment variable is not set", "logger": "kms", "src": "secure_logging.py:110", "ctx": {"taskName": null}}
{"ts": "2026-05-24 03:26:53,082", "lvl": "WARNING", "msg": "Falling back to plaintext audit log: LOG_ENCRYPTION_KEY environment variable is not set", "logger": "kms", "src": "secure_logging.py:110", "ctx": {"taskName": "Task-1"}}
{"ts": "2026-05-24 03:26:55,859", "lvl": "INFO", "msg": "master_key_rotated", "logger": "kms", "src": "main.py:56", "ctx": {"taskName": "Task-8", "tenant_id": "tenant_101", "new_version": 1}}
{"ts": "2026-05-24 03:26:56,254", "lvl": "INFO", "msg": "dek_generated", "logger": "kms", "src": "main.py:73", "ctx": {"taskName": "Task-10", "tenant_id": "tenant_101", "key_version": 1, "dek_fingerprint": "1a123370a418c939"}}
{"ts": "2026-05-24 03:26:57,044", "lvl": "INFO", "msg": "dek_decrypted", "logger": "kms", "src": "main.py:101", "ctx": {"taskName": "Task-11", "tenant_id": "tenant_101", "key_version": 1, "dek_fingerprint": "1a123370a418c939"}}
{"ts": "2026-05-24 03:26:58,860", "lvl": "INFO", "msg": "dek_generated", "logger": "kms", "src": "main.py:73", "ctx": {"taskName": "Task-13", "tenant_id": "tenant_999", "key_version": 1, "dek_fingerprint": "5176fdadf7319e8a"}}
{"ts": "2026-05-24 03:27:55,145", "lvl": "WARNING", "msg": "Falling back to plaintext audit log: LOG_ENCRYPTION_KEY environment variable is not set", "logger": "kms", "src": "secure_logging.py:110", "ctx": {"taskName": null}}
{"ts": "2026-05-24 03:31:17,059", "lvl": "WARNING", "msg": "Falling back to plaintext audit log: LOG_ENCRYPTION_KEY environment variable is not set", "logger": "kms", "src": "secure_logging.py:110", "ctx": {"taskName": "Task-1"}}
{"ts": "2026-05-24 03:31:18,738", "lvl": "INFO", "msg": "master_key_rotated", "logger": "kms", "src": "main.py:56", "ctx": {"taskName": "Task-8", "tenant_id": "tenant_101", "new_version": 1}}
{"ts": "2026-05-24 03:31:19,080", "lvl": "INFO", "msg": "dek_generated", "logger": "kms", "src": "main.py:73", "ctx": {"taskName": "Task-10", "tenant_id": "tenant_101", "key_version": 1, "dek_fingerprint": "eaa37db64eb547fa"}}
{"ts": "2026-05-24 03:31:19,530", "lvl": "INFO", "msg": "dek_decrypted", "logger": "kms", "src": "main.py:101", "ctx": {"taskName": "Task-11", "tenant_id": "tenant_101", "key_version": 1, "dek_fingerprint": "eaa37db64eb547fa"}}
{"ts": "2026-05-24 03:31:20,592", "lvl": "INFO", "msg": "dek_generated", "logger": "kms", "src": "main.py:73", "ctx": {"taskName": "Task-13", "tenant_id": "tenant_999", "key_version": 1, "dek_fingerprint": "1c41b85c88291882"}}
{"ts": "2026-05-24 03:31:41,691", "lvl": "WARNING", "msg": "Falling back to plaintext audit log: LOG_ENCRYPTION_KEY environment variable is not set", "logger": "kms", "src": "secure_logging.py:110", "ctx": {"taskName": "Task-1"}}
{"ts": "2026-05-24 03:32:53,500", "lvl": "WARNING", "msg": "Falling back to plaintext audit log: LOG_ENCRYPTION_KEY environment variable is not set", "logger": "kms", "src": "secure_logging.py:110", "ctx": {"taskName": "Task-1"}}
